Archive member included to satisfy reference by file (symbol)

C:/ST/STM32CubeCLT_1.17.0/GNU-tools-for-STM32/bin/../lib/gcc/arm-none-eabi/12.3.1/../../../../arm-none-eabi/lib/thumb/v7e-m+fp/hard\libc.a(libc_a-exit.o)
                              C:/ST/STM32CubeCLT_1.17.0/GNU-tools-for-STM32/bin/../lib/gcc/arm-none-eabi/12.3.1/../../../../arm-none-eabi/lib/thumb/v7e-m+fp/hard/crt0.o (exit)
C:/ST/STM32CubeCLT_1.17.0/GNU-tools-for-STM32/bin/../lib/gcc/arm-none-eabi/12.3.1/../../../../arm-none-eabi/lib/thumb/v7e-m+fp/hard\libc.a(libc_a-findfp.o)
                              C:/ST/STM32CubeCLT_1.17.0/GNU-tools-for-STM32/bin/../lib/gcc/arm-none-eabi/12.3.1/../../../../arm-none-eabi/lib/thumb/v7e-m+fp/hard\libc.a(libc_a-exit.o) (__stdio_exit_handler)
C:/ST/STM32CubeCLT_1.17.0/GNU-tools-for-STM32/bin/../lib/gcc/arm-none-eabi/12.3.1/../../../../arm-none-eabi/lib/thumb/v7e-m+fp/hard\libc.a(libc_a-fwalk.o)
                              C:/ST/STM32CubeCLT_1.17.0/GNU-tools-for-STM32/bin/../lib/gcc/arm-none-eabi/12.3.1/../../../../arm-none-eabi/lib/thumb/v7e-m+fp/hard\libc.a(libc_a-findfp.o) (_fwalk_sglue)
C:/ST/STM32CubeCLT_1.17.0/GNU-tools-for-STM32/bin/../lib/gcc/arm-none-eabi/12.3.1/../../../../arm-none-eabi/lib/thumb/v7e-m+fp/hard\libc.a(libc_a-stdio.o)
                              C:/ST/STM32CubeCLT_1.17.0/GNU-tools-for-STM32/bin/../lib/gcc/arm-none-eabi/12.3.1/../../../../arm-none-eabi/lib/thumb/v7e-m+fp/hard\libc.a(libc_a-findfp.o) (__sread)
C:/ST/STM32CubeCLT_1.17.0/GNU-tools-for-STM32/bin/../lib/gcc/arm-none-eabi/12.3.1/../../../../arm-none-eabi/lib/thumb/v7e-m+fp/hard\libc.a(libc_a-memset.o)
                              C:/ST/STM32CubeCLT_1.17.0/GNU-tools-for-STM32/bin/../lib/gcc/arm-none-eabi/12.3.1/../../../../arm-none-eabi/lib/thumb/v7e-m+fp/hard/crt0.o (memset)
C:/ST/STM32CubeCLT_1.17.0/GNU-tools-for-STM32/bin/../lib/gcc/arm-none-eabi/12.3.1/../../../../arm-none-eabi/lib/thumb/v7e-m+fp/hard\libc.a(libc_a-closer.o)
                              C:/ST/STM32CubeCLT_1.17.0/GNU-tools-for-STM32/bin/../lib/gcc/arm-none-eabi/12.3.1/../../../../arm-none-eabi/lib/thumb/v7e-m+fp/hard\libc.a(libc_a-stdio.o) (_close_r)
C:/ST/STM32CubeCLT_1.17.0/GNU-tools-for-STM32/bin/../lib/gcc/arm-none-eabi/12.3.1/../../../../arm-none-eabi/lib/thumb/v7e-m+fp/hard\libc.a(libc_a-reent.o)
                              C:/ST/STM32CubeCLT_1.17.0/GNU-tools-for-STM32/bin/../lib/gcc/arm-none-eabi/12.3.1/../../../../arm-none-eabi/lib/thumb/v7e-m+fp/hard\libc.a(libc_a-closer.o) (errno)
C:/ST/STM32CubeCLT_1.17.0/GNU-tools-for-STM32/bin/../lib/gcc/arm-none-eabi/12.3.1/../../../../arm-none-eabi/lib/thumb/v7e-m+fp/hard\libc.a(libc_a-impure.o)
                              C:/ST/STM32CubeCLT_1.17.0/GNU-tools-for-STM32/bin/../lib/gcc/arm-none-eabi/12.3.1/../../../../arm-none-eabi/lib/thumb/v7e-m+fp/hard\libc.a(libc_a-reent.o) (_impure_ptr)
C:/ST/STM32CubeCLT_1.17.0/GNU-tools-for-STM32/bin/../lib/gcc/arm-none-eabi/12.3.1/../../../../arm-none-eabi/lib/thumb/v7e-m+fp/hard\libc.a(libc_a-lseekr.o)
                              C:/ST/STM32CubeCLT_1.17.0/GNU-tools-for-STM32/bin/../lib/gcc/arm-none-eabi/12.3.1/../../../../arm-none-eabi/lib/thumb/v7e-m+fp/hard\libc.a(libc_a-stdio.o) (_lseek_r)
C:/ST/STM32CubeCLT_1.17.0/GNU-tools-for-STM32/bin/../lib/gcc/arm-none-eabi/12.3.1/../../../../arm-none-eabi/lib/thumb/v7e-m+fp/hard\libc.a(libc_a-readr.o)
                              C:/ST/STM32CubeCLT_1.17.0/GNU-tools-for-STM32/bin/../lib/gcc/arm-none-eabi/12.3.1/../../../../arm-none-eabi/lib/thumb/v7e-m+fp/hard\libc.a(libc_a-stdio.o) (_read_r)
C:/ST/STM32CubeCLT_1.17.0/GNU-tools-for-STM32/bin/../lib/gcc/arm-none-eabi/12.3.1/../../../../arm-none-eabi/lib/thumb/v7e-m+fp/hard\libc.a(libc_a-writer.o)
                              C:/ST/STM32CubeCLT_1.17.0/GNU-tools-for-STM32/bin/../lib/gcc/arm-none-eabi/12.3.1/../../../../arm-none-eabi/lib/thumb/v7e-m+fp/hard\libc.a(libc_a-stdio.o) (_write_r)
C:/ST/STM32CubeCLT_1.17.0/GNU-tools-for-STM32/bin/../lib/gcc/arm-none-eabi/12.3.1/../../../../arm-none-eabi/lib/thumb/v7e-m+fp/hard\libc.a(libc_a-init.o)
                              C:/ST/STM32CubeCLT_1.17.0/GNU-tools-for-STM32/bin/../lib/gcc/arm-none-eabi/12.3.1/../../../../arm-none-eabi/lib/thumb/v7e-m+fp/hard/crt0.o (__libc_init_array)
C:/ST/STM32CubeCLT_1.17.0/GNU-tools-for-STM32/bin/../lib/gcc/arm-none-eabi/12.3.1/../../../../arm-none-eabi/lib/thumb/v7e-m+fp/hard\libc.a(libc_a-lock.o)
                              C:/ST/STM32CubeCLT_1.17.0/GNU-tools-for-STM32/bin/../lib/gcc/arm-none-eabi/12.3.1/../../../../arm-none-eabi/lib/thumb/v7e-m+fp/hard\libc.a(libc_a-findfp.o) (__retarget_lock_init_recursive)
C:/ST/STM32CubeCLT_1.17.0/GNU-tools-for-STM32/bin/../lib/gcc/arm-none-eabi/12.3.1/../../../../arm-none-eabi/lib/thumb/v7e-m+fp/hard\libc.a(libc_a-__call_atexit.o)
                              C:/ST/STM32CubeCLT_1.17.0/GNU-tools-for-STM32/bin/../lib/gcc/arm-none-eabi/12.3.1/../../../../arm-none-eabi/lib/thumb/v7e-m+fp/hard\libc.a(libc_a-exit.o) (__call_exitprocs)
[...]
Memory Configuration

Name             Origin             Length             Attributes
RAM              0x20000000         0x00020000         xrw
FLASH            0x08000000         0x00080000         xr
*default*        0x00000000         0xffffffff

Linker script and memory map

LOAD C:/ST/STM32CubeCLT_1.17.0/GNU-tools-for-STM32/bin/../lib/gcc/arm-none-eabi/12.3.1/thumb/v7e-m+fp/hard/crti.o
LOAD C:/ST/STM32CubeCLT_1.17.0/GNU-tools-for-STM32/bin/../lib/gcc/arm-none-eabi/12.3.1/thumb/v7e-m+fp/hard/crtbegin.o
LOAD C:/ST/STM32CubeCLT_1.17.0/GNU-tools-for-STM32/bin/../lib/gcc/arm-none-eabi/12.3.1/../../../../arm-none-eabi/lib/thumb/v7e-m+fp/hard/crt0.o
START GROUP
LOAD C:/ST/STM32CubeCLT_1.17.0/GNU-tools-for-STM32/bin/../lib/gcc/arm-none-eabi/12.3.1/../../../../arm-none-eabi/lib/thumb/v7e-m+fp/hard\libc.a
LOAD C:/ST/STM32CubeCLT_1.17.0/GNU-tools-for-STM32/bin/../lib/gcc/arm-none-eabi/12.3.1/../../../../arm-none-eabi/lib/thumb/v7e-m+fp/hard\libm.a
LOAD C:/ST/STM32CubeCLT_1.17.0/GNU-tools-for-STM32/bin/../lib/gcc/arm-none-eabi/12.3.1/../../../../arm-none-eabi/lib/thumb/v7e-m+fp/hard\libstdc++.a
LOAD C:/ST/STM32CubeCLT_1.17.0/GNU-tools-for-STM32/bin/../lib/gcc/arm-none-eabi/12.3.1/../../../../arm-none-eabi/lib/thumb/v7e-m+fp/hard\libsupc++.a
END GROUP
LOAD CMakeFiles/lab4.dir/Src/main.c.obj
LOAD CMakeFiles/lab4.dir/Src/syscall.c.obj
LOAD CMakeFiles/lab4.dir/Src/sysmem.c.obj
LOAD CMakeFiles/lab4.dir/Startup/startup_stm32f446retx.s.obj
START GROUP
LOAD C:/ST/STM32CubeCLT_1.17.0/GNU-tools-for-STM32/bin/../lib/gcc/arm-none-eabi/12.3.1/thumb/v7e-m+fp/hard\libgcc.a
LOAD C:/ST/STM32CubeCLT_1.17.0/GNU-tools-for-STM32/bin/../lib/gcc/arm-none-eabi/12.3.1/../../../../arm-none-eabi/lib/thumb/v7e-m+fp/hard\libg.a
LOAD C:/ST/STM32CubeCLT_1.17.0/GNU-tools-for-STM32/bin/../lib/gcc/arm-none-eabi/12.3.1/../../../../arm-none-eabi/lib/thumb/v7e-m+fp/hard\libc.a
END GROUP
START GROUP
LOAD C:/ST/STM32CubeCLT_1.17.0/GNU-tools-for-STM32/bin/../lib/gcc/arm-none-eabi/12.3.1/thumb/v7e-m+fp/hard\libgcc.a
LOAD C:/ST/STM32CubeCLT_1.17.0/GNU-tools-for-STM32/bin/../lib/gcc/arm-none-eabi/12.3.1/../../../../arm-none-eabi/lib/thumb/v7e-m+fp/hard\libc.a
LOAD C:/ST/STM32CubeCLT_1.17.0/GNU-tools-for-STM32/bin/../lib/gcc/arm-none-eabi/12.3.1/../../../../arm-none-eabi/lib/thumb/v7e-m+fp/hard\libnosys.a
END GROUP
LOAD C:/ST/STM32CubeCLT_1.17.0/GNU-tools-for-STM32/bin/../lib/gcc/arm-none-eabi/12.3.1/thumb/v7e-m+fp/hard/crtend.o
LOAD C:/ST/STM32CubeCLT_1.17.0/GNU-tools-for-STM32/bin/../lib/gcc/arm-none-eabi/12.3.1/thumb/v7e-m+fp/hard/crtn.o
                0x20020000                        _estack = (ORIGIN (RAM) + LENGTH (RAM))
                0x00000200                        _Min_Heap_Size = 0x200
                0x00000400                        _Min_Stack_Size = 0x400

.isr_vector     0x08000000      0x1c4
                0x08000000                        . = ALIGN (0x4)
 *(.isr_vector)
 .isr_vector    0x08000000      0x1c4 CMakeFiles/lab4.dir/Startup/startup_stm32f446retx.s.obj
                0x08000000                g_pfnVectors
                0x080001c4                        . = ALIGN (0x4)

.text           0x080001c8     0x17ac
                0x080001c8                        . = ALIGN (0x4)
 *(.text)
 .text          0x080001c8       0x40 C:/ST/STM32CubeCLT_1.17.0/GNU-tools-for-STM32/bin/../lib/gcc/arm-none-eabi/12.3.1/thumb/v7e-m+fp/hard/crtbegin.o
 .text          0x08000208      0x254 C:/ST/STM32CubeCLT_1.17.0/GNU-tools-for-STM32/bin/../lib/gcc/arm-none-eabi/12.3.1/thumb/v7e-m+fp/hard\libgcc.a(_arm_muldf3.o)
                0x08000208                __muldf3
                0x08000208                __aeabi_dmul
 .text          0x0800045c      0x378 C:/ST/STM32CubeCLT_1.17.0/GNU-tools-for-STM32/bin/../lib/gcc/arm-none-eabi/12.3.1/thumb/v7e-m+fp/hard\libgcc.a(_arm_addsubdf3.o)
                0x0800045c                __aeabi_drsub
                0x08000464                __aeabi_dsub
                0x08000464                __subdf3
                0x08000468                __aeabi_dadd
                0x08000468                __adddf3
                0x080006e0                __floatunsidf
                0x080006e0                __aeabi_ui2d
                0x08000700                __floatsidf
                0x08000700                __aeabi_i2d
                0x08000724                __aeabi_f2d
                0x08000724                __extendsfdf2
                0x08000768                __floatundidf
                0x08000768                __aeabi_ul2d
                0x08000778                __floatdidf
                0x08000778                __aeabi_l2d
 .text          0x080007d4       0xa0 C:/ST/STM32CubeCLT_1.17.0/GNU-tools-for-STM32/bin/../lib/gcc/arm-none-eabi/12.3.1/thumb/v7e-m+fp/hard\libgcc.a(_arm_truncdfsf2.o)
                0x080007d4                __truncdfsf2
                0x080007d4                __aeabi_d2f
 *(.text*)
 .text.__libc_init_array
                0x08000874       0x48 C:/ST/STM32CubeCLT_1.17.0/GNU-tools-for-STM32/bin/../lib/gcc/arm-none-eabi/12.3.1/../../../../arm-none-eabi/lib/thumb/v7e-m+fp/hard\libc.a(libc_a-init.o)
                0x08000874                __libc_init_array
 .text.__retarget_lock_acquire_recursive
                0x080008bc        0x2 C:/ST/STM32CubeCLT_1.17.0/GNU-tools-for-STM32/bin/../lib/gcc/arm-none-eabi/12.3.1/../../../../arm-none-eabi/lib/thumb/v7e-m+fp/hard\libc.a(libc_a-lock.o)
                0x080008bc                __retarget_lock_acquire_recursive
 .text.__retarget_lock_release_recursive
                0x080008be        0x2 C:/ST/STM32CubeCLT_1.17.0/GNU-tools-for-STM32/bin/../lib/gcc/arm-none-eabi/12.3.1/../../../../arm-none-eabi/lib/thumb/v7e-m+fp/hard\libc.a(libc_a-lock.o)
                0x080008be                __retarget_lock_release_recursive
 .text.startup.register_fini
                0x080008c0       0x14 C:/ST/STM32CubeCLT_1.17.0/GNU-tools-for-STM32/bin/../lib/gcc/arm-none-eabi/12.3.1/../../../../arm-none-eabi/lib/thumb/v7e-m+fp/hard\libc.a(libc_a-__call_atexit.o)
 .text.atexit   0x080008d4        0xc C:/ST/STM32CubeCLT_1.17.0/GNU-tools-for-STM32/bin/../lib/gcc/arm-none-eabi/12.3.1/../../../../arm-none-eabi/lib/thumb/v7e-m+fp/hard\libc.a(libc_a-atexit.o)
                0x080008d4                atexit
 .text.__libc_fini_array
                0x080008e0       0x28 C:/ST/STM32CubeCLT_1.17.0/GNU-tools-for-STM32/bin/../lib/gcc/arm-none-eabi/12.3.1/../../../../arm-none-eabi/lib/thumb/v7e-m+fp/hard\libc.a(libc_a-fini.o)
                0x080008e0                __libc_fini_array
 .text.__register_exitproc
                0x08000908       0x80 C:/ST/STM32CubeCLT_1.17.0/GNU-tools-for-STM32/bin/../lib/gcc/arm-none-eabi/12.3.1/../../../../arm-none-eabi/lib/thumb/v7e-m+fp/hard\libc.a(libc_a-__atexit.o)
                0x08000908                __register_exitproc
 .text.enableFPU
                0x08000988       0x14 CMakeFiles/lab4.dir/Src/main.c.obj
 .text.configureFLASH
                0x0800099c       0x18 CMakeFiles/lab4.dir/Src/main.c.obj
 *fill*         0x080009b4        0x4 
 .text.set_signal_parameters
                0x080009b8       0x58 CMakeFiles/lab4.dir/Src/main.c.obj
 .text.send_adc_data_to_txbuffer
                0x08000a10       0x40 CMakeFiles/lab4.dir/Src/main.c.obj
 .text.configureRCC
                0x08000a50       0xb4 CMakeFiles/lab4.dir/Src/main.c.obj
 .text.configureADC
                0x08000b04       0x7c CMakeFiles/lab4.dir/Src/main.c.obj
 .text.configureDAC
                0x08000b80       0x24 CMakeFiles/lab4.dir/Src/main.c.obj
 .text.configureGPIO
                0x08000ba4       0x28 CMakeFiles/lab4.dir/Src/main.c.obj
 .text.configureUSART
                0x08000bcc       0x48 CMakeFiles/lab4.dir/Src/main.c.obj
 .text.configureTIM6
                0x08000c14       0x20 CMakeFiles/lab4.dir/Src/main.c.obj
 .text.configureTIM2
                0x08000c34       0x26 CMakeFiles/lab4.dir/Src/main.c.obj
 *fill*         0x08000c5a        0x2 
 .text.enableIRQ
                0x08000c5c       0x1c CMakeFiles/lab4.dir/Src/main.c.obj
 .text.fill_sin_array
                0x08000c78       0x60 CMakeFiles/lab4.dir/Src/main.c.obj
                0x08000c78                fill_sin_array
 .text.configureDMA
                0x08000cd8       0x54 CMakeFiles/lab4.dir/Src/main.c.obj
                0x08000cd8                configureDMA
 .text.main     0x08000d2c       0xd4 CMakeFiles/lab4.dir/Src/main.c.obj
                0x08000d2c                main
 .text.TIM6_DAC_IRQHandler
                0x08000e00       0x48 CMakeFiles/lab4.dir/Src/main.c.obj
                0x08000e00                TIM6_DAC_IRQHandler
 .text.ADC_IRQHandler
                0x08000e48       0x28 CMakeFiles/lab4.dir/Src/main.c.obj
                0x08000e48                ADC_IRQHandler
 .text.DMA1_Stream6_IRQHandler
                0x08000e70       0x24 CMakeFiles/lab4.dir/Src/main.c.obj
                0x08000e70                DMA1_Stream6_IRQHandler
 .text.Reset_Handler
                0x08000e94       0x50 CMakeFiles/lab4.dir/Startup/startup_stm32f446retx.s.obj
                0x08000e94                Reset_Handler
 .text.Default_Handler
                0x08000ee4        0x2 CMakeFiles/lab4.dir/Startup/startup_stm32f446retx.s.obj
                0x08000ee4                RTC_Alarm_IRQHandler
                0x08000ee4                EXTI2_IRQHandler
                0x08000ee4                TIM8_CC_IRQHandler
                0x08000ee4                SPDIF_Rx_IRQHandler
                0x08000ee4                SPI4_IRQHandler
                0x08000ee4                TIM1_CC_IRQHandler
                0x08000ee4                QuadSPI_IRQHandler
                0x08000ee4                DMA2_Stream5_IRQHandler
                0x08000ee4                HardFault_Handler
                0x08000ee4                DMA1_Stream5_IRQHandler
                0x08000ee4                SysTick_Handler
                0x08000ee4                PVD_IRQHandler
                0x08000ee4                SDIO_IRQHandler
                0x08000ee4                TAMP_STAMP_IRQHandler
                0x08000ee4                PendSV_Handler
                0x08000ee4                NMI_Handler
                0x08000ee4                CAN2_RX1_IRQHandler
                0x08000ee4                EXTI3_IRQHandler
                0x08000ee4                TIM8_TRG_COM_TIM14_IRQHandler
                0x08000ee4                TIM1_UP_TIM10_IRQHandler
                0x08000ee4                FMPI2C1_error_IRQHandler
                0x08000ee4                TIM8_UP_TIM13_IRQHandler
                0x08000ee4                I2C3_ER_IRQHandler
                0x08000ee4                EXTI0_IRQHandler
                0x08000ee4                I2C2_EV_IRQHandler
                0x08000ee4                DMA1_Stream2_IRQHandler
                0x08000ee4                CAN1_RX0_IRQHandler
                0x08000ee4                OTG_HS_WKUP_IRQHandler
                0x08000ee4                UsageFault_Handler
                0x08000ee4                CAN2_SCE_IRQHandler
                0x08000ee4                DMA2_Stream2_IRQHandler
                0x08000ee4                SPI1_IRQHandler
                0x08000ee4                TIM1_BRK_TIM9_IRQHandler
                0x08000ee4                DCMI_IRQHandler
                0x08000ee4                CAN2_RX0_IRQHandler
                0x08000ee4                DMA2_Stream3_IRQHandler
                0x08000ee4                FMPI2C1_IRQHandler
                0x08000ee4                SAI2_IRQHandler
                0x08000ee4                USART6_IRQHandler
                0x08000ee4                USART3_IRQHandler
                0x08000ee4                CAN1_RX1_IRQHandler
                0x08000ee4                UART5_IRQHandler
                0x08000ee4                DMA2_Stream0_IRQHandler
                0x08000ee4                TIM4_IRQHandler
                0x08000ee4                I2C1_EV_IRQHandler
                0x08000ee4                HDMI_CEC_IRQHandler
                0x08000ee4                DMA1_Stream1_IRQHandler
                0x08000ee4                UART4_IRQHandler
                0x08000ee4                TIM3_IRQHandler
                0x08000ee4                RCC_IRQHandler
                0x08000ee4                TIM8_BRK_TIM12_IRQHandler
                0x08000ee4                Default_Handler
                0x08000ee4                EXTI15_10_IRQHandler
                0x08000ee4                DMA1_Stream7_IRQHandler
                0x08000ee4                TIM7_IRQHandler
                0x08000ee4                CAN2_TX_IRQHandler
                0x08000ee4                TIM5_IRQHandler
                0x08000ee4                DMA2_Stream7_IRQHandler
                0x08000ee4                I2C3_EV_IRQHandler
                0x08000ee4                EXTI9_5_IRQHandler
                0x08000ee4                RTC_WKUP_IRQHandler
                0x08000ee4                SPI2_IRQHandler
                0x08000ee4                OTG_HS_EP1_IN_IRQHandler
                0x08000ee4                MemManage_Handler
                0x08000ee4                DMA1_Stream0_IRQHandler
                0x08000ee4                CAN1_TX_IRQHandler
                0x08000ee4                SVC_Handler
                0x08000ee4                EXTI4_IRQHandler
                0x08000ee4                OTG_HS_EP1_OUT_IRQHandler
                0x08000ee4                WWDG_IRQHandler
                0x08000ee4                TIM2_IRQHandler
                0x08000ee4                OTG_FS_WKUP_IRQHandler
                0x08000ee4                TIM1_TRG_COM_TIM11_IRQHandler
                0x08000ee4                OTG_HS_IRQHandler
                0x08000ee4                EXTI1_IRQHandler
                0x08000ee4                USART2_IRQHandler
                0x08000ee4                I2C2_ER_IRQHandler
                0x08000ee4                DMA2_Stream1_IRQHandler
                0x08000ee4                CAN1_SCE_IRQHandler
                0x08000ee4                FLASH_IRQHandler
                0x08000ee4                DMA2_Stream4_IRQHandler
                0x08000ee4                BusFault_Handler
                0x08000ee4                USART1_IRQHandler
                0x08000ee4                OTG_FS_IRQHandler
                0x08000ee4                SPI3_IRQHandler
                0x08000ee4                DMA1_Stream4_IRQHandler
                0x08000ee4                I2C1_ER_IRQHandler
                0x08000ee4                FMC_IRQHandler
                0x08000ee4                DMA2_Stream6_IRQHandler
                0x08000ee4                SAI1_IRQHandler
                0x08000ee4                DMA1_Stream3_IRQHandler
 *fill*         0x08000ee6        0x2 
 .text.sinf     0x08000ee8       0x8c C:/ST/STM32CubeCLT_1.17.0/GNU-tools-for-STM32/bin/../lib/gcc/arm-none-eabi/12.3.1/../../../../arm-none-eabi/lib/thumb/v7e-m+fp/hard\libm.a(libm_a-sf_sin.o)
                0x08000ee8                sinf
 .text.__kernel_cosf
                0x08000f74       0xb0 C:/ST/STM32CubeCLT_1.17.0/GNU-tools-for-STM32/bin/../lib/gcc/arm-none-eabi/12.3.1/../../../../arm-none-eabi/lib/thumb/v7e-m+fp/hard\libm.a(libm_a-kf_cos.o)
                0x08000f74                __kernel_cosf
 .text.__kernel_sinf
                0x08001024       0x90 C:/ST/STM32CubeCLT_1.17.0/GNU-tools-for-STM32/bin/../lib/gcc/arm-none-eabi/12.3.1/../../../../arm-none-eabi/lib/thumb/v7e-m+fp/hard\libm.a(libm_a-kf_sin.o)
                0x08001024                __kernel_sinf
 .text.__ieee754_rem_pio2f
                0x080010b4      0x260 C:/ST/STM32CubeCLT_1.17.0/GNU-tools-for-STM32/bin/../lib/gcc/arm-none-eabi/12.3.1/../../../../arm-none-eabi/lib/thumb/v7e-m+fp/hard\libm.a(libm_a-ef_rem_pio2.o)
                0x080010b4                __ieee754_rem_pio2f
 .text.fabsf    0x08001314        0xe C:/ST/STM32CubeCLT_1.17.0/GNU-tools-for-STM32/bin/../lib/gcc/arm-none-eabi/12.3.1/../../../../arm-none-eabi/lib/thumb/v7e-m+fp/hard\libm.a(libm_a-sf_fabs.o)
                0x08001314                fabsf
 *fill*         0x08001322        0x2 
 .text.__kernel_rem_pio2f
                0x08001324      0x4e4 C:/ST/STM32CubeCLT_1.17.0/GNU-tools-for-STM32/bin/../lib/gcc/arm-none-eabi/12.3.1/../../../../arm-none-eabi/lib/thumb/v7e-m+fp/hard\libm.a(libm_a-kf_rem_pio2.o)
                0x08001324                __kernel_rem_pio2f
 .text.scalbnf  0x08001808       0xcc C:/ST/STM32CubeCLT_1.17.0/GNU-tools-for-STM32/bin/../lib/gcc/arm-none-eabi/12.3.1/../../../../arm-none-eabi/lib/thumb/v7e-m+fp/hard\libm.a(libm_a-sf_scalbn.o)
                0x08001808                scalbnf
 .text.floorf   0x080018d4       0x88 C:/ST/STM32CubeCLT_1.17.0/GNU-tools-for-STM32/bin/../lib/gcc/arm-none-eabi/12.3.1/../../../../arm-none-eabi/lib/thumb/v7e-m+fp/hard\libm.a(libm_a-sf_floor.o)
                0x080018d4                floorf
 *(.glue_7)
 .glue_7        0x0800195c        0x0 linker stubs
 *(.glue_7t)
 .glue_7t       0x0800195c        0x0 linker stubs
 *(.eh_frame)
 .eh_frame      0x0800195c        0x0 C:/ST/STM32CubeCLT_1.17.0/GNU-tools-for-STM32/bin/../lib/gcc/arm-none-eabi/12.3.1/thumb/v7e-m+fp/hard/crtbegin.o
 *(.init)
 .init          0x0800195c        0x4 C:/ST/STM32CubeCLT_1.17.0/GNU-tools-for-STM32/bin/../lib/gcc/arm-none-eabi/12.3.1/thumb/v7e-m+fp/hard/crti.o
                0x0800195c                _init
 .init          0x08001960        0x8 C:/ST/STM32CubeCLT_1.17.0/GNU-tools-for-STM32/bin/../lib/gcc/arm-none-eabi/12.3.1/thumb/v7e-m+fp/hard/crtn.o
 *(.fini)
 .fini          0x08001968        0x4 C:/ST/STM32CubeCLT_1.17.0/GNU-tools-for-STM32/bin/../lib/gcc/arm-none-eabi/12.3.1/thumb/v7e-m+fp/hard/crti.o
                0x08001968                _fini
 .fini          0x0800196c        0x8 C:/ST/STM32CubeCLT_1.17.0/GNU-tools-for-STM32/bin/../lib/gcc/arm-none-eabi/12.3.1/thumb/v7e-m+fp/hard/crtn.o
                0x08001974                        . = ALIGN (0x4)
                0x08001974                        _etext = .

.vfp11_veneer   0x08001974        0x0
 .vfp11_veneer  0x08001974        0x0 linker stubs

.v4_bx          0x08001974        0x0
 .v4_bx         0x08001974        0x0 linker stubs

.iplt           0x08001974        0x0
 .iplt          0x08001974        0x0 C:/ST/STM32CubeCLT_1.17.0/GNU-tools-for-STM32/bin/../lib/gcc/arm-none-eabi/12.3.1/thumb/v7e-m+fp/hard/crtbegin.o

.rodata         0x08001974      0x3d0
                0x08001974                        . = ALIGN (0x4)
 *(.rodata)
 *(.rodata*)
 .rodata.npio2_hw
                0x08001974       0x80 C:/ST/STM32CubeCLT_1.17.0/GNU-tools-for-STM32/bin/../lib/gcc/arm-none-eabi/12.3.1/../../../../arm-none-eabi/lib/thumb/v7e-m+fp/hard\libm.a(libm_a-ef_rem_pio2.o)
 .rodata.two_over_pi
                0x080019f4      0x318 C:/ST/STM32CubeCLT_1.17.0/GNU-tools-for-STM32/bin/../lib/gcc/arm-none-eabi/12.3.1/../../../../arm-none-eabi/lib/thumb/v7e-m+fp/hard\libm.a(libm_a-ef_rem_pio2.o)
 .rodata.PIo2   0x08001d0c       0x2c C:/ST/STM32CubeCLT_1.17.0/GNU-tools-for-STM32/bin/../lib/gcc/arm-none-eabi/12.3.1/../../../../arm-none-eabi/lib/thumb/v7e-m+fp/hard\libm.a(libm_a-kf_rem_pio2.o)
 .rodata.init_jk
                0x08001d38        0xc C:/ST/STM32CubeCLT_1.17.0/GNU-tools-for-STM32/bin/../lib/gcc/arm-none-eabi/12.3.1/../../../../arm-none-eabi/lib/thumb/v7e-m+fp/hard\libm.a(libm_a-kf_rem_pio2.o)
                0x08001d44                        . = ALIGN (0x4)

.ARM.extab      0x08001d44        0x0
                0x08001d44                        . = ALIGN (0x4)
 *(.ARM.extab* .gnu.linkonce.armextab.*)
                0x08001d44                        . = ALIGN (0x4)

.ARM            0x08001d44        0x0
                0x08001d44                        . = ALIGN (0x4)
                0x08001d44                        __exidx_start = .
 *(.ARM.exidx*)
                0x08001d44                        __exidx_end = .
                0x08001d44                        . = ALIGN (0x4)

.preinit_array  0x08001d44        0x0
                0x08001d44                        . = ALIGN (0x4)
                0x08001d44                        PROVIDE (__preinit_array_start = .)
 *(.preinit_array*)
                0x08001d44                        PROVIDE (__preinit_array_end = .)
                0x08001d44                        . = ALIGN (0x4)

.init_array     0x08001d44        0x8
                0x08001d44                        . = ALIGN (0x4)
                0x08001d44                        PROVIDE (__init_array_start = .)
 *(SORT_BY_NAME(.init_array.*))
 .init_array.00000
                0x08001d44        0x4 C:/ST/STM32CubeCLT_1.17.0/GNU-tools-for-STM32/bin/../lib/gcc/arm-none-eabi/12.3.1/../../../../arm-none-eabi/lib/thumb/v7e-m+fp/hard\libc.a(libc_a-__call_atexit.o)
 *(.init_array*)
 .init_array    0x08001d48        0x4 C:/ST/STM32CubeCLT_1.17.0/GNU-tools-for-STM32/bin/../lib/gcc/arm-none-eabi/12.3.1/thumb/v7e-m+fp/hard/crtbegin.o
                0x08001d4c                        PROVIDE (__init_array_end = .)
                0x08001d4c                        . = ALIGN (0x4)

.fini_array     0x08001d4c        0x4
                0x08001d4c                        . = ALIGN (0x4)
                0x08001d4c                        PROVIDE (__fini_array_start = .)
 *(SORT_BY_NAME(.fini_array.*))
 *(.fini_array*)
 .fini_array    0x08001d4c        0x4 C:/ST/STM32CubeCLT_1.17.0/GNU-tools-for-STM32/bin/../lib/gcc/arm-none-eabi/12.3.1/thumb/v7e-m+fp/hard/crtbegin.o
                0x08001d50                        PROVIDE (__fini_array_end = .)
                0x08001d50                        . = ALIGN (0x4)
                0x08001d50                        _sidata = LOADADDR (.data)

.rel.dyn        0x08001d50        0x0
 .rel.iplt      0x08001d50        0x0 C:/ST/STM32CubeCLT_1.17.0/GNU-tools-for-STM32/bin/../lib/gcc/arm-none-eabi/12.3.1/thumb/v7e-m+fp/hard/crtbegin.o

.data           0x20000000        0xc load address 0x08001d50
                0x20000000                        . = ALIGN (0x4)
                0x20000000                        _sdata = .
 *(.data)
 *(.data*)
 .data.__atexit_recursive_mutex
                0x20000000        0x4 C:/ST/STM32CubeCLT_1.17.0/GNU-tools-for-STM32/bin/../lib/gcc/arm-none-eabi/12.3.1/../../../../arm-none-eabi/lib/thumb/v7e-m+fp/hard\libc.a(libc_a-__call_atexit.o)
                0x20000000                __atexit_recursive_mutex
 .data.nu       0x20000004        0x4 CMakeFiles/lab4.dir/Src/main.c.obj
                0x20000004                nu
 .data.amplitude
                0x20000008        0x4 CMakeFiles/lab4.dir/Src/main.c.obj
                0x20000008                amplitude
 *(.RamFunc)
 *(.RamFunc*)
                0x2000000c                        . = ALIGN (0x4)
                0x2000000c                        _edata = .

.igot.plt       0x2000000c        0x0 load address 0x08001d5c
 .igot.plt      0x2000000c        0x0 C:/ST/STM32CubeCLT_1.17.0/GNU-tools-for-STM32/bin/../lib/gcc/arm-none-eabi/12.3.1/thumb/v7e-m+fp/hard/crtbegin.o
                0x2000000c                        . = ALIGN (0x4)

.bss            0x2000000c      0x1cc load address 0x08001d5c
                0x2000000c                        _sbss = .
                0x2000000c                        __bss_start__ = _sbss
 *(.bss)
 .bss           0x2000000c       0x1c C:/ST/STM32CubeCLT_1.17.0/GNU-tools-for-STM32/bin/../lib/gcc/arm-none-eabi/12.3.1/thumb/v7e-m+fp/hard/crtbegin.o
 *(.bss*)
 .bss.__lock___atexit_recursive_mutex
                0x20000028        0x1 C:/ST/STM32CubeCLT_1.17.0/GNU-tools-for-STM32/bin/../lib/gcc/arm-none-eabi/12.3.1/../../../../arm-none-eabi/lib/thumb/v7e-m+fp/hard\libc.a(libc_a-lock.o)
                0x20000028                __lock___atexit_recursive_mutex
 *fill*         0x20000029        0x3 
 .bss.__atexit  0x2000002c        0x4 C:/ST/STM32CubeCLT_1.17.0/GNU-tools-for-STM32/bin/../lib/gcc/arm-none-eabi/12.3.1/../../../../arm-none-eabi/lib/thumb/v7e-m+fp/hard\libc.a(libc_a-__call_atexit.o)
                0x2000002c                __atexit
 .bss.__atexit0
                0x20000030      0x190 C:/ST/STM32CubeCLT_1.17.0/GNU-tools-for-STM32/bin/../lib/gcc/arm-none-eabi/12.3.1/../../../../arm-none-eabi/lib/thumb/v7e-m+fp/hard\libc.a(libc_a-__atexit.o)
                0x20000030                __atexit0
 .bss.txBuffer  0x200001c0        0x3 CMakeFiles/lab4.dir/Src/main.c.obj
                0x200001c0                txBuffer
 *fill*         0x200001c3        0x1 
 .bss.adcBuffer
                0x200001c4        0x2 CMakeFiles/lab4.dir/Src/main.c.obj
                0x200001c4                adcBuffer
 *fill*         0x200001c6        0x2 
 .bss.omega     0x200001c8        0x4 CMakeFiles/lab4.dir/Src/main.c.obj
                0x200001c8                omega
 .bss.voltage   0x200001cc        0x4 CMakeFiles/lab4.dir/Src/main.c.obj
                0x200001cc                voltage
 .bss.dots_on_period
                0x200001d0        0x2 CMakeFiles/lab4.dir/Src/main.c.obj
                0x200001d0                dots_on_period
 .bss.n         0x200001d2        0x2 CMakeFiles/lab4.dir/Src/main.c.obj
                0x200001d2                n
 .bss.adcFlag   0x200001d4        0x1 CMakeFiles/lab4.dir/Src/main.c.obj
                0x200001d4                adcFlag
 .bss.txBusy    0x200001d5        0x1 CMakeFiles/lab4.dir/Src/main.c.obj
                0x200001d5                txBusy
 .bss.dacTimerUpdate
                0x200001d6        0x1 CMakeFiles/lab4.dir/Src/main.c.obj
                0x200001d6                dacTimerUpdate
 *(COMMON)
                0x200001d8                        . = ALIGN (0x4)
 *fill*         0x200001d7        0x1 
                0x200001d8                        _ebss = .
                0x200001d8                        __bss_end__ = _ebss

._user_heap_stack
                0x200001d8      0x600 load address 0x08001d5c
                0x200001d8                        . = ALIGN (0x8)
                [!provide]                        PROVIDE (end = .)
                0x200001d8                        PROVIDE (_end = .)
                0x200003d8                        . = (. + _Min_Heap_Size)
 *fill*         0x200001d8      0x200 
                0x200007d8                        . = (. + _Min_Stack_Size)
 *fill*         0x200003d8      0x400 
                0x200007d8                        . = ALIGN (0x8)

/DISCARD/
 libc.a(*)
 libm.a(*)
 libgcc.a(*)

.ARM.attributes
                0x00000000       0x30
 *(.ARM.attributes)
 .ARM.attributes
                0x00000000       0x22 C:/ST/STM32CubeCLT_1.17.0/GNU-tools-for-STM32/bin/../lib/gcc/arm-none-eabi/12.3.1/thumb/v7e-m+fp/hard/crti.o
 .ARM.attributes
                0x00000022       0x34 C:/ST/STM32CubeCLT_1.17.0/GNU-tools-for-STM32/bin/../lib/gcc/arm-none-eabi/12.3.1/thumb/v7e-m+fp/hard/crtbegin.o
 .ARM.attributes
                0x00000056       0x34 C:/ST/STM32CubeCLT_1.17.0/GNU-tools-for-STM32/bin/../lib/gcc/arm-none-eabi/12.3.1/../../../../arm-none-eabi/lib/thumb/v7e-m+fp/hard\libc.a(libc_a-init.o)
 .ARM.attributes
                0x0000008a       0x34 C:/ST/STM32CubeCLT_1.17.0/GNU-tools-for-STM32/bin/../lib/gcc/arm-none-eabi/12.3.1/../../../../arm-none-eabi/lib/thumb/v7e-m+fp/hard\libc.a(libc_a-lock.o)
 .ARM.attributes
                0x000000be       0x34 C:/ST/STM32CubeCLT_1.17.0/GNU-tools-for-STM32/bin/../lib/gcc/arm-none-eabi/12.3.1/../../../../arm-none-eabi/lib/thumb/v7e-m+fp/hard\libc.a(libc_a-__call_atexit.o)
 .ARM.attributes
                0x000000f2       0x34 C:/ST/STM32CubeCLT_1.17.0/GNU-tools-for-STM32/bin/../lib/gcc/arm-none-eabi/12.3.1/../../../../arm-none-eabi/lib/thumb/v7e-m+fp/hard\libc.a(libc_a-atexit.o)
 .ARM.attributes
                0x00000126       0x34 C:/ST/STM32CubeCLT_1.17.0/GNU-tools-for-STM32/bin/../lib/gcc/arm-none-eabi/12.3.1/../../../../arm-none-eabi/lib/thumb/v7e-m+fp/hard\libc.a(libc_a-fini.o)
 .ARM.attributes
                0x0000015a       0x34 C:/ST/STM32CubeCLT_1.17.0/GNU-tools-for-STM32/bin/../lib/gcc/arm-none-eabi/12.3.1/../../../../arm-none-eabi/lib/thumb/v7e-m+fp/hard\libc.a(libc_a-__atexit.o)
 .ARM.attributes
                0x0000018e       0x34 CMakeFiles/lab4.dir/Src/main.c.obj
 .ARM.attributes
                0x000001c2       0x21 CMakeFiles/lab4.dir/Startup/startup_stm32f446retx.s.obj
 .ARM.attributes
                0x000001e3       0x22 C:/ST/STM32CubeCLT_1.17.0/GNU-tools-for-STM32/bin/../lib/gcc/arm-none-eabi/12.3.1/thumb/v7e-m+fp/hard\libgcc.a(_arm_muldf3.o)
 .ARM.attributes
                0x00000205       0x22 C:/ST/STM32CubeCLT_1.17.0/GNU-tools-for-STM32/bin/../lib/gcc/arm-none-eabi/12.3.1/thumb/v7e-m+fp/hard\libgcc.a(_arm_addsubdf3.o)
 .ARM.attributes
                0x00000227       0x22 C:/ST/STM32CubeCLT_1.17.0/GNU-tools-for-STM32/bin/../lib/gcc/arm-none-eabi/12.3.1/thumb/v7e-m+fp/hard\libgcc.a(_arm_truncdfsf2.o)
 .ARM.attributes
                0x00000249       0x22 C:/ST/STM32CubeCLT_1.17.0/GNU-tools-for-STM32/bin/../lib/gcc/arm-none-eabi/12.3.1/thumb/v7e-m+fp/hard/crtn.o
 .ARM.attributes
                0x0000026b       0x34 C:/ST/STM32CubeCLT_1.17.0/GNU-tools-for-STM32/bin/../lib/gcc/arm-none-eabi/12.3.1/../../../../arm-none-eabi/lib/thumb/v7e-m+fp/hard\libm.a(libm_a-sf_sin.o)
 .ARM.attributes
                0x0000029f       0x34 C:/ST/STM32CubeCLT_1.17.0/GNU-tools-for-STM32/bin/../lib/gcc/arm-none-eabi/12.3.1/../../../../arm-none-eabi/lib/thumb/v7e-m+fp/hard\libm.a(libm_a-kf_cos.o)
 .ARM.attributes
                0x000002d3       0x34 C:/ST/STM32CubeCLT_1.17.0/GNU-tools-for-STM32/bin/../lib/gcc/arm-none-eabi/12.3.1/../../../../arm-none-eabi/lib/thumb/v7e-m+fp/hard\libm.a(libm_a-kf_sin.o)
 .ARM.attributes
                0x00000307       0x34 C:/ST/STM32CubeCLT_1.17.0/GNU-tools-for-STM32/bin/../lib/gcc/arm-none-eabi/12.3.1/../../../../arm-none-eabi/lib/thumb/v7e-m+fp/hard\libm.a(libm_a-ef_rem_pio2.o)
 .ARM.attributes
                0x0000033b       0x34 C:/ST/STM32CubeCLT_1.17.0/GNU-tools-for-STM32/bin/../lib/gcc/arm-none-eabi/12.3.1/../../../../arm-none-eabi/lib/thumb/v7e-m+fp/hard\libm.a(libm_a-sf_fabs.o)
 .ARM.attributes
                0x0000036f       0x34 C:/ST/STM32CubeCLT_1.17.0/GNU-tools-for-STM32/bin/../lib/gcc/arm-none-eabi/12.3.1/../../../../arm-none-eabi/lib/thumb/v7e-m+fp/hard\libm.a(libm_a-kf_rem_pio2.o)
 .ARM.attributes
                0x000003a3       0x34 C:/ST/STM32CubeCLT_1.17.0/GNU-tools-for-STM32/bin/../lib/gcc/arm-none-eabi/12.3.1/../../../../arm-none-eabi/lib/thumb/v7e-m+fp/hard\libm.a(libm_a-sf_scalbn.o)
 .ARM.attributes
                0x000003d7       0x34 C:/ST/STM32CubeCLT_1.17.0/GNU-tools-for-STM32/bin/../lib/gcc/arm-none-eabi/12.3.1/../../../../arm-none-eabi/lib/thumb/v7e-m+fp/hard\libm.a(libm_a-sf_floor.o)
OUTPUT(lab4.elf elf32-littlearm)
LOAD linker stubs
LOAD C:/ST/STM32CubeCLT_1.17.0/GNU-tools-for-STM32/bin/../lib/gcc/arm-none-eabi/12.3.1/../../../../arm-none-eabi/lib/thumb/v7e-m+fp/hard\libc.a
LOAD C:/ST/STM32CubeCLT_1.17.0/GNU-tools-for-STM32/bin/../lib/gcc/arm-none-eabi/12.3.1/../../../../arm-none-eabi/lib/thumb/v7e-m+fp/hard\libm.a
LOAD C:/ST/STM32CubeCLT_1.17.0/GNU-tools-for-STM32/bin/../lib/gcc/arm-none-eabi/12.3.1/thumb/v7e-m+fp/hard\libgcc.a

.debug_frame    0x00000000      0x5a0
 .debug_frame   0x00000000       0x2c C:/ST/STM32CubeCLT_1.17.0/GNU-tools-for-STM32/bin/../lib/gcc/arm-none-eabi/12.3.1/../../../../arm-none-eabi/lib/thumb/v7e-m+fp/hard\libc.a(libc_a-init.o)
 .debug_frame   0x0000002c       0xb0 C:/ST/STM32CubeCLT_1.17.0/GNU-tools-for-STM32/bin/../lib/gcc/arm-none-eabi/12.3.1/../../../../arm-none-eabi/lib/thumb/v7e-m+fp/hard\libc.a(libc_a-lock.o)
 .debug_frame   0x000000dc       0x58 C:/ST/STM32CubeCLT_1.17.0/GNU-tools-for-STM32/bin/../lib/gcc/arm-none-eabi/12.3.1/../../../../arm-none-eabi/lib/thumb/v7e-m+fp/hard\libc.a(libc_a-__call_atexit.o)
 .debug_frame   0x00000134       0x20 C:/ST/STM32CubeCLT_1.17.0/GNU-tools-for-STM32/bin/../lib/gcc/arm-none-eabi/12.3.1/../../../../arm-none-eabi/lib/thumb/v7e-m+fp/hard\libc.a(libc_a-atexit.o)
 .debug_frame   0x00000154       0x38 C:/ST/STM32CubeCLT_1.17.0/GNU-tools-for-STM32/bin/../lib/gcc/arm-none-eabi/12.3.1/../../../../arm-none-eabi/lib/thumb/v7e-m+fp/hard\libc.a(libc_a-fini.o)
 .debug_frame   0x0000018c       0x34 C:/ST/STM32CubeCLT_1.17.0/GNU-tools-for-STM32/bin/../lib/gcc/arm-none-eabi/12.3.1/../../../../arm-none-eabi/lib/thumb/v7e-m+fp/hard\libc.a(libc_a-__atexit.o)
 .debug_frame   0x000001c0      0x174 CMakeFiles/lab4.dir/Src/main.c.obj
 .debug_frame   0x00000334       0x30 C:/ST/STM32CubeCLT_1.17.0/GNU-tools-for-STM32/bin/../lib/gcc/arm-none-eabi/12.3.1/thumb/v7e-m+fp/hard\libgcc.a(_arm_muldf3.o)
 .debug_frame   0x00000364       0xac C:/ST/STM32CubeCLT_1.17.0/GNU-tools-for-STM32/bin/../lib/gcc/arm-none-eabi/12.3.1/thumb/v7e-m+fp/hard\libgcc.a(_arm_addsubdf3.o)
 .debug_frame   0x00000410       0x24 C:/ST/STM32CubeCLT_1.17.0/GNU-tools-for-STM32/bin/../lib/gcc/arm-none-eabi/12.3.1/thumb/v7e-m+fp/hard\libgcc.a(_arm_truncdfsf2.o)
 .debug_frame   0x00000434       0x38 C:/ST/STM32CubeCLT_1.17.0/GNU-tools-for-STM32/bin/../lib/gcc/arm-none-eabi/12.3.1/../../../../arm-none-eabi/lib/thumb/v7e-m+fp/hard\libm.a(libm_a-sf_sin.o)
 .debug_frame   0x0000046c       0x20 C:/ST/STM32CubeCLT_1.17.0/GNU-tools-for-STM32/bin/../lib/gcc/arm-none-eabi/12.3.1/../../../../arm-none-eabi/lib/thumb/v7e-m+fp/hard\libm.a(libm_a-kf_cos.o)
 .debug_frame   0x0000048c       0x20 C:/ST/STM32CubeCLT_1.17.0/GNU-tools-for-STM32/bin/../lib/gcc/arm-none-eabi/12.3.1/../../../../arm-none-eabi/lib/thumb/v7e-m+fp/hard\libm.a(libm_a-kf_sin.o)
 .debug_frame   0x000004ac       0x38 C:/ST/STM32CubeCLT_1.17.0/GNU-tools-for-STM32/bin/../lib/gcc/arm-none-eabi/12.3.1/../../../../arm-none-eabi/lib/thumb/v7e-m+fp/hard\libm.a(libm_a-ef_rem_pio2.o)
 .debug_frame   0x000004e4       0x20 C:/ST/STM32CubeCLT_1.17.0/GNU-tools-for-STM32/bin/../lib/gcc/arm-none-eabi/12.3.1/../../../../arm-none-eabi/lib/thumb/v7e-m+fp/hard\libm.a(libm_a-sf_fabs.o)
 .debug_frame   0x00000504       0x5c C:/ST/STM32CubeCLT_1.17.0/GNU-tools-for-STM32/bin/../lib/gcc/arm-none-eabi/12.3.1/../../../../arm-none-eabi/lib/thumb/v7e-m+fp/hard\libm.a(libm_a-kf_rem_pio2.o)
 .debug_frame   0x00000560       0x20 C:/ST/STM32CubeCLT_1.17.0/GNU-tools-for-STM32/bin/../lib/gcc/arm-none-eabi/12.3.1/../../../../arm-none-eabi/lib/thumb/v7e-m+fp/hard\libm.a(libm_a-sf_scalbn.o)
 .debug_frame   0x00000580       0x20 C:/ST/STM32CubeCLT_1.17.0/GNU-tools-for-STM32/bin/../lib/gcc/arm-none-eabi/12.3.1/../../../../arm-none-eabi/lib/thumb/v7e-m+fp/hard\libm.a(libm_a-sf_floor.o)

.debug_info     0x00000000     0x1217
 .debug_info    0x00000000     0x11e7 CMakeFiles/lab4.dir/Src/main.c.obj
 .debug_info    0x000011e7       0x30 CMakeFiles/lab4.dir/Startup/startup_stm32f446retx.s.obj

.debug_abbrev   0x00000000      0x315
 .debug_abbrev  0x00000000      0x2f1 CMakeFiles/lab4.dir/Src/main.c.obj
 .debug_abbrev  0x000002f1       0x24 CMakeFiles/lab4.dir/Startup/startup_stm32f446retx.s.obj

.debug_loclists
                0x00000000       0x99
 .debug_loclists
                0x00000000       0x99 CMakeFiles/lab4.dir/Src/main.c.obj

.debug_aranges  0x00000000       0xd0
 .debug_aranges
                0x00000000       0xa8 CMakeFiles/lab4.dir/Src/main.c.obj
 .debug_aranges
                0x000000a8       0x28 CMakeFiles/lab4.dir/Startup/startup_stm32f446retx.s.obj

.debug_rnglists
                0x00000000       0x94
 .debug_rnglists
                0x00000000       0x7b CMakeFiles/lab4.dir/Src/main.c.obj
 .debug_rnglists
                0x0000007b       0x19 CMakeFiles/lab4.dir/Startup/startup_stm32f446retx.s.obj

.debug_macro    0x00000000    0x19710
 .debug_macro   0x00000000      0x1f1 CMakeFiles/lab4.dir/Src/main.c.obj
 .debug_macro   0x000001f1      0xaa8 CMakeFiles/lab4.dir/Src/main.c.obj
 .debug_macro   0x00000c99       0x22 CMakeFiles/lab4.dir/Src/main.c.obj
 .debug_macro   0x00000cbb       0x8e CMakeFiles/lab4.dir/Src/main.c.obj
 .debug_macro   0x00000d49       0x51 CMakeFiles/lab4.dir/Src/main.c.obj
 .debug_macro   0x00000d9a      0x103 CMakeFiles/lab4.dir/Src/main.c.obj
 .debug_macro   0x00000e9d       0x6a CMakeFiles/lab4.dir/Src/main.c.obj
 .debug_macro   0x00000f07      0x1df CMakeFiles/lab4.dir/Src/main.c.obj
 .debug_macro   0x000010e6       0x28 CMakeFiles/lab4.dir/Src/main.c.obj
 .debug_macro   0x0000110e       0x1c CMakeFiles/lab4.dir/Src/main.c.obj
 .debug_macro   0x0000112a       0x22 CMakeFiles/lab4.dir/Src/main.c.obj
 .debug_macro   0x0000114c       0xd9 CMakeFiles/lab4.dir/Src/main.c.obj
 .debug_macro   0x00001225     0x102d CMakeFiles/lab4.dir/Src/main.c.obj
 .debug_macro   0x00002252      0x11f CMakeFiles/lab4.dir/Src/main.c.obj
 .debug_macro   0x00002371    0x1672d CMakeFiles/lab4.dir/Src/main.c.obj
 .debug_macro   0x00018a9e       0x22 CMakeFiles/lab4.dir/Src/main.c.obj
 .debug_macro   0x00018ac0       0x74 CMakeFiles/lab4.dir/Src/main.c.obj
 .debug_macro   0x00018b34       0x2a CMakeFiles/lab4.dir/Src/main.c.obj
 .debug_macro   0x00018b5e       0x3c CMakeFiles/lab4.dir/Src/main.c.obj
 .debug_macro   0x00018b9a       0x34 CMakeFiles/lab4.dir/Src/main.c.obj
 .debug_macro   0x00018bce       0x16 CMakeFiles/lab4.dir/Src/main.c.obj
 .debug_macro   0x00018be4       0x9e CMakeFiles/lab4.dir/Src/main.c.obj
 .debug_macro   0x00018c82      0x369 CMakeFiles/lab4.dir/Src/main.c.obj
 .debug_macro   0x00018feb      0x10b CMakeFiles/lab4.dir/Src/main.c.obj
 .debug_macro   0x000190f6       0x10 CMakeFiles/lab4.dir/Src/main.c.obj
 .debug_macro   0x00019106       0x16 CMakeFiles/lab4.dir/Src/main.c.obj
 .debug_macro   0x0001911c       0x43 CMakeFiles/lab4.dir/Src/main.c.obj
 .debug_macro   0x0001915f       0x34 CMakeFiles/lab4.dir/Src/main.c.obj
 .debug_macro   0x00019193       0x10 CMakeFiles/lab4.dir/Src/main.c.obj
 .debug_macro   0x000191a3       0x58 CMakeFiles/lab4.dir/Src/main.c.obj
 .debug_macro   0x000191fb      0x1de CMakeFiles/lab4.dir/Src/main.c.obj
 .debug_macro   0x000193d9       0x16 CMakeFiles/lab4.dir/Src/main.c.obj
 .debug_macro   0x000193ef       0x16 CMakeFiles/lab4.dir/Src/main.c.obj
 .debug_macro   0x00019405      0x170 CMakeFiles/lab4.dir/Src/main.c.obj
 .debug_macro   0x00019575      0x19b CMakeFiles/lab4.dir/Src/main.c.obj

.debug_line     0x00000000      0xae7
 .debug_line    0x00000000      0xa6c CMakeFiles/lab4.dir/Src/main.c.obj
 .debug_line    0x00000a6c       0x7b CMakeFiles/lab4.dir/Startup/startup_stm32f446retx.s.obj

.debug_str      0x00000000    0x8ed08
 .debug_str     0x00000000    0x8ecb2 CMakeFiles/lab4.dir/Src/main.c.obj
                              0x8ef20 (size before relaxing)
 .debug_str     0x0008ecb2       0x56 CMakeFiles/lab4.dir/Startup/startup_stm32f446retx.s.obj
                                 0x7c (size before relaxing)

.comment        0x00000000       0x43
 .comment       0x00000000       0x43 CMakeFiles/lab4.dir/Src/main.c.obj
                                 0x44 (size before relaxing)

.debug_line_str
                0x00000000       0x60
 .debug_line_str
                0x00000000       0x60 CMakeFiles/lab4.dir/Startup/startup_stm32f446retx.s.obj
